// --------------------------------------------------------------------------------------------------------------------
// <copyright file="MainViewModel.cs" company="My company">
//   Copyright (c) 2008 - 2017 My company. All rights reserved.
// </copyright>
// --------------------------------------------------------------------------------------------------------------------


namespace SomeSolution.ViewModels
{
    using System;
    using System.Threading.Tasks;
    using Catel;
    using Catel.Data;
    using Catel.MVVM;
    using Catel.Reflection;

    public class MainViewModel : ViewModelBase
    {
        public MainViewModel()
        {
            Title = "SomeSolution example";
        }

        
        public class AdvancedSolution
        {
            
            public const bool IsSupportAdvanced = true;
            
        }
        
    }
}