// --------------------------------------------------------------------------------------------------------------------
// <copyright file="Models.cs" company="My company">
//   Copyright (c) 2008 - 2018 My company. All rights reserved.
// </copyright>
// --------------------------------------------------------------------------------------------------------------------


namespace SomeSolution.Models
{
    
    public class Record_1
    {
        public Record_1()
        {
            
            Target 1 = default(string);
            
            Target 2 = default(string);
            
            Target 3 = default(string);
            
            Target 4 = DateTime.Now;
            
            Target 6 = DateTime.Now;
            
            Target 8 = true;
            
            Target 10 = true;
            
        }

        
        public string Target 1 { get; set; }
        
        public string Target 2 { get; set; }
        
        public string Target 3 { get; set; }
        
        public DateTime Target 4 { get; set; }
        
        public DateTime? Target 6 { get; set; }
        
        public bool Target 8 { get; set; }
        
        public bool? Target 10 { get; set; }
        
    }
    
    public class Record_2
    {
        public Record_2()
        {
            
            Target 1 = default(string);
            
            Target 2 = default(string);
            
            Target 3 = default(string);
            
            Target 4 = default(string);
            
        }

        
        public string Target 1 { get; set; }
        
        public string Target 2 { get; set; }
        
        public string Target 3 { get; set; }
        
        public string Target 4 { get; set; }
        
    }
    
}